E:/LoRaSensor/LR1121DVK1TBKS/LR1121DVK1TBKS/apps/ping_pong/main_transmit.c:212:5:main	11
E:/LoRaSensor/LR1121DVK1TBKS/LR1121DVK1TBKS/apps/ping_pong/main_transmit.c:288:6:on_tx_done	5
E:/LoRaSensor/LR1121DVK1TBKS/LR1121DVK1TBKS/apps/ping_pong/main_transmit.c:305:6:on_rx_timeout	2
E:/LoRaSensor/LR1121DVK1TBKS/LR1121DVK1TBKS/apps/ping_pong/main_transmit.c:316:6:on_rx_crc_error	1
E:/LoRaSensor/LR1121DVK1TBKS/LR1121DVK1TBKS/apps/ping_pong/main_transmit.c:321:6:on_fsk_len_error	1
E:/LoRaSensor/LR1121DVK1TBKS/LR1121DVK1TBKS/apps/ping_pong/main_transmit.c:326:13:ping_pong_reception_failure_handling	5
