../Drivers/CMSIS/Include/core_cm4.h:1679:22:__NVIC_EnableIRQ	16	static,ignoring_inline_asm
../Drivers/CMSIS/Include/core_cm4.h:1809:22:__NVIC_SetPriority	16	static
../Drivers/STM32L4xx_HAL_Driver/Inc/stm32l4xx_ll_bus.h:1087:22:LL_APB1_GRP1_EnableClock	24	static
../Drivers/STM32L4xx_HAL_Driver/Inc/stm32l4xx_ll_bus.h:1179:26:LL_APB1_GRP1_IsEnabledClock	16	static
../Drivers/STM32L4xx_HAL_Driver/Inc/stm32l4xx_ll_rcc.h:3031:22:LL_RCC_SetLPTIMClockSource	16	static
../Drivers/STM32L4xx_HAL_Driver/Inc/stm32l4xx_ll_lptim.h:376:22:LL_LPTIM_Enable	16	static
../Drivers/STM32L4xx_HAL_Driver/Inc/stm32l4xx_ll_lptim.h:387:26:LL_LPTIM_IsEnabled	16	static
../Drivers/STM32L4xx_HAL_Driver/Inc/stm32l4xx_ll_lptim.h:405:22:LL_LPTIM_StartCounter	16	static
../Drivers/STM32L4xx_HAL_Driver/Inc/stm32l4xx_ll_lptim.h:505:22:LL_LPTIM_SetAutoReload	16	static
../Drivers/STM32L4xx_HAL_Driver/Inc/stm32l4xx_ll_lptim.h:584:26:LL_LPTIM_GetCounter	16	static
../Drivers/STM32L4xx_HAL_Driver/Inc/stm32l4xx_ll_lptim.h:599:22:LL_LPTIM_SetCounterMode	16	static
../Drivers/STM32L4xx_HAL_Driver/Inc/stm32l4xx_ll_lptim.h:1118:22:LL_LPTIM_ClearFlag_ARRM	16	static
../Drivers/STM32L4xx_HAL_Driver/Inc/stm32l4xx_ll_lptim.h:1129:26:LL_LPTIM_IsActiveFlag_ARRM	16	static
../Drivers/STM32L4xx_HAL_Driver/Inc/stm32l4xx_ll_lptim.h:1185:22:LL_LPTIM_ClearFlag_ARROK	16	static
../Drivers/STM32L4xx_HAL_Driver/Inc/stm32l4xx_ll_lptim.h:1197:26:LL_LPTIM_IsActiveFlag_ARROK	16	static
../Drivers/STM32L4xx_HAL_Driver/Inc/stm32l4xx_ll_lptim.h:1342:22:LL_LPTIM_EnableIT_ARRM	16	static
../Drivers/STM32L4xx_HAL_Driver/Inc/stm32l4xx_ll_lptim.h:1353:22:LL_LPTIM_DisableIT_ARRM	16	static
E:/LoRaSensor/LR1121DVK1TBKS/LR1121DVK1TBKS/libs/smtc-hal-mcu-stm32l4/src/smtc_hal_mcu_timer_stm32l4.c:130:23:smtc_hal_mcu_timer_init	48	static
E:/LoRaSensor/LR1121DVK1TBKS/LR1121DVK1TBKS/libs/smtc-hal-mcu-stm32l4/src/smtc_hal_mcu_timer_stm32l4.c:189:23:smtc_hal_mcu_timer_start	16	static
E:/LoRaSensor/LR1121DVK1TBKS/LR1121DVK1TBKS/libs/smtc-hal-mcu-stm32l4/src/smtc_hal_mcu_timer_stm32l4.c:227:23:smtc_hal_mcu_timer_stop	16	static
E:/LoRaSensor/LR1121DVK1TBKS/LR1121DVK1TBKS/libs/smtc-hal-mcu-stm32l4/src/smtc_hal_mcu_timer_stm32l4.c:256:23:smtc_hal_mcu_timer_get_remaining_time	40	static
E:/LoRaSensor/LR1121DVK1TBKS/LR1121DVK1TBKS/libs/smtc-hal-mcu-stm32l4/src/smtc_hal_mcu_timer_stm32l4.c:295:23:smtc_hal_mcu_timer_get_max_value	16	static
E:/LoRaSensor/LR1121DVK1TBKS/LR1121DVK1TBKS/libs/smtc-hal-mcu-stm32l4/src/smtc_hal_mcu_timer_stm32l4.c:317:13:smtc_hal_mcu_timer_stm32l4_is_configured	24	static
E:/LoRaSensor/LR1121DVK1TBKS/LR1121DVK1TBKS/libs/smtc-hal-mcu-stm32l4/src/smtc_hal_mcu_timer_stm32l4.c:333:42:smtc_hal_mcu_timer_stm32l4_get_free_slot	16	static
E:/LoRaSensor/LR1121DVK1TBKS/LR1121DVK1TBKS/libs/smtc-hal-mcu-stm32l4/src/smtc_hal_mcu_timer_stm32l4.c:346:13:smtc_hal_mcu_timer_stm32l4_is_real_inst	24	static
E:/LoRaSensor/LR1121DVK1TBKS/LR1121DVK1TBKS/libs/smtc-hal-mcu-stm32l4/src/smtc_hal_mcu_timer_stm32l4.c:362:6:LPTIM1_IRQHandler	16	static
