../Drivers/CMSIS/Include/core_cm4.h:1679:22:__NVIC_EnableIRQ	16	static,ignoring_inline_asm
../Drivers/CMSIS/Include/core_cm4.h:1717:22:__NVIC_DisableIRQ	16	static,ignoring_inline_asm
../Drivers/CMSIS/Include/core_cm4.h:1809:22:__NVIC_SetPriority	16	static
../Drivers/STM32L4xx_HAL_Driver/Inc/stm32l4xx_ll_gpio.h:319:26:LL_GPIO_GetPinMode	40	static,ignoring_inline_asm
../Drivers/STM32L4xx_HAL_Driver/Inc/stm32l4xx_ll_gpio.h:875:26:LL_GPIO_IsInputPinSet	16	static
../Drivers/STM32L4xx_HAL_Driver/Inc/stm32l4xx_ll_gpio.h:927:26:LL_GPIO_IsOutputPinSet	16	static
../Drivers/STM32L4xx_HAL_Driver/Inc/stm32l4xx_ll_gpio.h:956:22:LL_GPIO_SetOutputPin	16	static
../Drivers/STM32L4xx_HAL_Driver/Inc/stm32l4xx_ll_gpio.h:985:22:LL_GPIO_ResetOutputPin	16	static
../Drivers/STM32L4xx_HAL_Driver/Inc/stm32l4xx_ll_bus.h:563:22:LL_AHB2_GRP1_EnableClock	24	static
../Drivers/STM32L4xx_HAL_Driver/Inc/stm32l4xx_ll_bus.h:613:26:LL_AHB2_GRP1_IsEnabledClock	16	static
../Drivers/STM32L4xx_HAL_Driver/Inc/stm32l4xx_ll_bus.h:659:22:LL_AHB2_GRP1_DisableClock	16	static
../Drivers/STM32L4xx_HAL_Driver/Inc/stm32l4xx_ll_exti.h:1186:26:LL_EXTI_IsActiveFlag_0_31	16	static
../Drivers/STM32L4xx_HAL_Driver/Inc/stm32l4xx_ll_exti.h:1298:22:LL_EXTI_ClearFlag_0_31	16	static
../Drivers/STM32L4xx_HAL_Driver/Inc/stm32l4xx_ll_system.h:773:22:LL_SYSCFG_SetEXTISource	32	static,ignoring_inline_asm
E:/LoRaSensor/LR1121DVK1TBKS/LR1121DVK1TBKS/libs/smtc-hal-mcu-stm32l4/src/smtc_hal_mcu_gpio_stm32l4.c:207:23:smtc_hal_mcu_gpio_init_output	56	static
E:/LoRaSensor/LR1121DVK1TBKS/LR1121DVK1TBKS/libs/smtc-hal-mcu-stm32l4/src/smtc_hal_mcu_gpio_stm32l4.c:262:23:smtc_hal_mcu_gpio_init_input	96	static
E:/LoRaSensor/LR1121DVK1TBKS/LR1121DVK1TBKS/libs/smtc-hal-mcu-stm32l4/src/smtc_hal_mcu_gpio_stm32l4.c:346:23:smtc_hal_mcu_gpio_deinit	64	static
E:/LoRaSensor/LR1121DVK1TBKS/LR1121DVK1TBKS/libs/smtc-hal-mcu-stm32l4/src/smtc_hal_mcu_gpio_stm32l4.c:407:23:smtc_hal_mcu_gpio_set_state	16	static
E:/LoRaSensor/LR1121DVK1TBKS/LR1121DVK1TBKS/libs/smtc-hal-mcu-stm32l4/src/smtc_hal_mcu_gpio_stm32l4.c:435:23:smtc_hal_mcu_gpio_get_state	24	static
E:/LoRaSensor/LR1121DVK1TBKS/LR1121DVK1TBKS/libs/smtc-hal-mcu-stm32l4/src/smtc_hal_mcu_gpio_stm32l4.c:462:23:smtc_hal_mcu_gpio_enable_irq	16	static
E:/LoRaSensor/LR1121DVK1TBKS/LR1121DVK1TBKS/libs/smtc-hal-mcu-stm32l4/src/smtc_hal_mcu_gpio_stm32l4.c:486:23:smtc_hal_mcu_gpio_disable_irq	16	static
E:/LoRaSensor/LR1121DVK1TBKS/LR1121DVK1TBKS/libs/smtc-hal-mcu-stm32l4/src/smtc_hal_mcu_gpio_stm32l4.c:513:13:smtc_hal_mcu_gpio_stm32l4_is_configured	24	static
E:/LoRaSensor/LR1121DVK1TBKS/LR1121DVK1TBKS/libs/smtc-hal-mcu-stm32l4/src/smtc_hal_mcu_gpio_stm32l4.c:529:41:smtc_hal_mcu_gpio_stm32l4_get_free_slot	16	static
E:/LoRaSensor/LR1121DVK1TBKS/LR1121DVK1TBKS/libs/smtc-hal-mcu-stm32l4/src/smtc_hal_mcu_gpio_stm32l4.c:542:13:smtc_hal_mcu_gpio_stm32l4_is_real_inst	24	static
E:/LoRaSensor/LR1121DVK1TBKS/LR1121DVK1TBKS/libs/smtc-hal-mcu-stm32l4/src/smtc_hal_mcu_gpio_stm32l4.c:555:30:smtc_hal_mcu_gpio_stm32l4_enable_clock	16	static
E:/LoRaSensor/LR1121DVK1TBKS/LR1121DVK1TBKS/libs/smtc-hal-mcu-stm32l4/src/smtc_hal_mcu_gpio_stm32l4.c:611:30:smtc_hal_mcu_gpio_stm32l4_disable_clock	16	static
E:/LoRaSensor/LR1121DVK1TBKS/LR1121DVK1TBKS/libs/smtc-hal-mcu-stm32l4/src/smtc_hal_mcu_gpio_stm32l4.c:667:13:smtc_hal_mcu_gpio_stm32l4_is_clock_enabled	24	static
E:/LoRaSensor/LR1121DVK1TBKS/LR1121DVK1TBKS/libs/smtc-hal-mcu-stm32l4/src/smtc_hal_mcu_gpio_stm32l4.c:725:30:smtc_hal_mcu_gpio_stm32l4_get_exti_cfg	16	static
E:/LoRaSensor/LR1121DVK1TBKS/LR1121DVK1TBKS/libs/smtc-hal-mcu-stm32l4/src/smtc_hal_mcu_gpio_stm32l4.c:883:30:smtc_hal_mcu_gpio_stm32l4_get_trigger	16	static
E:/LoRaSensor/LR1121DVK1TBKS/LR1121DVK1TBKS/libs/smtc-hal-mcu-stm32l4/src/smtc_hal_mcu_gpio_stm32l4.c:917:30:smtc_hal_mcu_gpio_stm32l4_call_exti_callback	24	static
E:/LoRaSensor/LR1121DVK1TBKS/LR1121DVK1TBKS/libs/smtc-hal-mcu-stm32l4/src/smtc_hal_mcu_gpio_stm32l4.c:939:6:EXTI0_IRQHandler	8	static
E:/LoRaSensor/LR1121DVK1TBKS/LR1121DVK1TBKS/libs/smtc-hal-mcu-stm32l4/src/smtc_hal_mcu_gpio_stm32l4.c:951:6:EXTI1_IRQHandler	8	static
E:/LoRaSensor/LR1121DVK1TBKS/LR1121DVK1TBKS/libs/smtc-hal-mcu-stm32l4/src/smtc_hal_mcu_gpio_stm32l4.c:963:6:EXTI2_IRQHandler	8	static
E:/LoRaSensor/LR1121DVK1TBKS/LR1121DVK1TBKS/libs/smtc-hal-mcu-stm32l4/src/smtc_hal_mcu_gpio_stm32l4.c:975:6:EXTI3_IRQHandler	8	static
E:/LoRaSensor/LR1121DVK1TBKS/LR1121DVK1TBKS/libs/smtc-hal-mcu-stm32l4/src/smtc_hal_mcu_gpio_stm32l4.c:987:6:EXTI4_IRQHandler	8	static
E:/LoRaSensor/LR1121DVK1TBKS/LR1121DVK1TBKS/libs/smtc-hal-mcu-stm32l4/src/smtc_hal_mcu_gpio_stm32l4.c:999:6:EXTI9_5_IRQHandler	8	static
E:/LoRaSensor/LR1121DVK1TBKS/LR1121DVK1TBKS/libs/smtc-hal-mcu-stm32l4/src/smtc_hal_mcu_gpio_stm32l4.c:1031:6:EXTI15_10_IRQHandler	8	static
