../Drivers/STM32L4xx_HAL_Driver/Inc/stm32l4xx_ll_rng.h:206:22:LL_RNG_Enable	16	static
../Drivers/STM32L4xx_HAL_Driver/Inc/stm32l4xx_ll_rng.h:217:22:LL_RNG_Disable	16	static
../Drivers/STM32L4xx_HAL_Driver/Inc/stm32l4xx_ll_rng.h:228:26:LL_RNG_IsEnabled	16	static
../Drivers/STM32L4xx_HAL_Driver/Inc/stm32l4xx_ll_rng.h:511:26:LL_RNG_IsActiveFlag_DRDY	16	static
../Drivers/STM32L4xx_HAL_Driver/Inc/stm32l4xx_ll_rng.h:522:26:LL_RNG_IsActiveFlag_CECS	16	static
../Drivers/STM32L4xx_HAL_Driver/Inc/stm32l4xx_ll_rng.h:533:26:LL_RNG_IsActiveFlag_SECS	16	static
../Drivers/STM32L4xx_HAL_Driver/Inc/stm32l4xx_ll_rng.h:640:26:LL_RNG_ReadRandData32	16	static
../Drivers/STM32L4xx_HAL_Driver/Inc/stm32l4xx_ll_bus.h:563:22:LL_AHB2_GRP1_EnableClock	24	static
../Drivers/STM32L4xx_HAL_Driver/Inc/stm32l4xx_ll_bus.h:659:22:LL_AHB2_GRP1_DisableClock	16	static
../Drivers/STM32L4xx_HAL_Driver/Inc/stm32l4xx_ll_rcc.h:3115:22:LL_RCC_SetRNGClockSource	16	static
../Drivers/STM32L4xx_HAL_Driver/Inc/stm32l4xx_ll_rcc.h:4240:22:LL_RCC_PLLSAI1_Enable	4	static
../Drivers/STM32L4xx_HAL_Driver/Inc/stm32l4xx_ll_rcc.h:4250:22:LL_RCC_PLLSAI1_Disable	4	static
../Drivers/STM32L4xx_HAL_Driver/Inc/stm32l4xx_ll_rcc.h:4260:26:LL_RCC_PLLSAI1_IsReady	4	static
../Drivers/STM32L4xx_HAL_Driver/Inc/stm32l4xx_ll_rcc.h:4344:22:LL_RCC_PLLSAI1_ConfigDomain_48M	24	static
../Drivers/STM32L4xx_HAL_Driver/Inc/stm32l4xx_ll_rcc.h:4773:22:LL_RCC_PLLSAI1_EnableDomain_48M	4	static
../Drivers/STM32L4xx_HAL_Driver/Inc/stm32l4xx_ll_rcc.h:4785:22:LL_RCC_PLLSAI1_DisableDomain_48M	4	static
E:/LoRaSensor/LR1121DVK1TBKS/LR1121DVK1TBKS/libs/smtc-hal-mcu-stm32l4/src/smtc_hal_mcu_rng_stm32l4.c:123:23:smtc_hal_mcu_rng_init	24	static
E:/LoRaSensor/LR1121DVK1TBKS/LR1121DVK1TBKS/libs/smtc-hal-mcu-stm32l4/src/smtc_hal_mcu_rng_stm32l4.c:162:23:smtc_hal_mcu_rng_deinit	24	static
E:/LoRaSensor/LR1121DVK1TBKS/LR1121DVK1TBKS/libs/smtc-hal-mcu-stm32l4/src/smtc_hal_mcu_rng_stm32l4.c:192:23:smtc_hal_mcu_rng_get_bytes	40	static
E:/LoRaSensor/LR1121DVK1TBKS/LR1121DVK1TBKS/libs/smtc-hal-mcu-stm32l4/src/smtc_hal_mcu_rng_stm32l4.c:234:40:smtc_hal_mcu_rng_stm32l4_get_free_slot	16	static
E:/LoRaSensor/LR1121DVK1TBKS/LR1121DVK1TBKS/libs/smtc-hal-mcu-stm32l4/src/smtc_hal_mcu_rng_stm32l4.c:247:13:smtc_hal_mcu_rng_stm32l4_is_real_inst	24	static
