../Drivers/STM32L4xx_HAL_Driver/Inc/stm32l4xx_ll_rcc.h:2123:22:LL_RCC_HSI_Enable	4	static
../Drivers/STM32L4xx_HAL_Driver/Inc/stm32l4xx_ll_rcc.h:2143:26:LL_RCC_HSI_IsReady	4	static
../Drivers/STM32L4xx_HAL_Driver/Inc/stm32l4xx_ll_rcc.h:2189:22:LL_RCC_HSI_SetCalibTrimming	16	static
../Drivers/STM32L4xx_HAL_Driver/Inc/stm32l4xx_ll_rcc.h:2422:22:LL_RCC_LSI_Enable	4	static
../Drivers/STM32L4xx_HAL_Driver/Inc/stm32l4xx_ll_rcc.h:2442:26:LL_RCC_LSI_IsReady	4	static
../Drivers/STM32L4xx_HAL_Driver/Inc/stm32l4xx_ll_rcc.h:2740:22:LL_RCC_SetSysClkSource	16	static
../Drivers/STM32L4xx_HAL_Driver/Inc/stm32l4xx_ll_rcc.h:2754:26:LL_RCC_GetSysClkSource	4	static
../Drivers/STM32L4xx_HAL_Driver/Inc/stm32l4xx_ll_rcc.h:2774:22:LL_RCC_SetAHBPrescaler	16	static
../Drivers/STM32L4xx_HAL_Driver/Inc/stm32l4xx_ll_rcc.h:2790:22:LL_RCC_SetAPB1Prescaler	16	static
../Drivers/STM32L4xx_HAL_Driver/Inc/stm32l4xx_ll_rcc.h:2806:22:LL_RCC_SetAPB2Prescaler	16	static
../Drivers/STM32L4xx_HAL_Driver/Inc/stm32l4xx_ll_rcc.h:2950:22:LL_RCC_SetUSARTClockSource	16	static
../Drivers/STM32L4xx_HAL_Driver/Inc/stm32l4xx_ll_rcc.h:3731:22:LL_RCC_PLL_Enable	4	static
../Drivers/STM32L4xx_HAL_Driver/Inc/stm32l4xx_ll_rcc.h:3752:26:LL_RCC_PLL_IsReady	4	static
../Drivers/STM32L4xx_HAL_Driver/Inc/stm32l4xx_ll_rcc.h:3798:22:LL_RCC_PLL_ConfigDomain_SYS	24	static
../Drivers/STM32L4xx_HAL_Driver/Inc/stm32l4xx_ll_rcc.h:4197:22:LL_RCC_PLL_EnableDomain_SYS	4	static
../Drivers/STM32L4xx_HAL_Driver/Inc/stm32l4xx_ll_rcc.h:4240:22:LL_RCC_PLLSAI1_Enable	4	static
../Drivers/STM32L4xx_HAL_Driver/Inc/stm32l4xx_ll_rcc.h:4260:26:LL_RCC_PLLSAI1_IsReady	4	static
../Drivers/STM32L4xx_HAL_Driver/Inc/stm32l4xx_ll_rcc.h:4344:22:LL_RCC_PLLSAI1_ConfigDomain_48M	24	static
../Drivers/STM32L4xx_HAL_Driver/Inc/stm32l4xx_ll_rcc.h:4773:22:LL_RCC_PLLSAI1_EnableDomain_48M	4	static
../Drivers/STM32L4xx_HAL_Driver/Inc/stm32l4xx_ll_bus.h:563:22:LL_AHB2_GRP1_EnableClock	24	static
../Drivers/STM32L4xx_HAL_Driver/Inc/stm32l4xx_ll_bus.h:1087:22:LL_APB1_GRP1_EnableClock	24	static
../Drivers/STM32L4xx_HAL_Driver/Inc/stm32l4xx_ll_bus.h:1673:22:LL_APB2_GRP1_EnableClock	24	static
../Drivers/STM32L4xx_HAL_Driver/Inc/stm32l4xx_ll_system.h:1401:22:LL_FLASH_SetLatency	16	static
../Drivers/STM32L4xx_HAL_Driver/Inc/stm32l4xx_ll_system.h:1429:26:LL_FLASH_GetLatency	4	static
../Drivers/STM32L4xx_HAL_Driver/Inc/stm32l4xx_ll_pwr.h:343:22:LL_PWR_SetRegulVoltageScaling	16	static
../Drivers/STM32L4xx_HAL_Driver/Inc/stm32l4xx_ll_pwr.h:1607:26:LL_PWR_IsActiveFlag_VOS	4	static
../Drivers/STM32L4xx_HAL_Driver/Inc/stm32l4xx_ll_spi.h:426:22:LL_SPI_SetStandard	16	static
../Drivers/STM32L4xx_HAL_Driver/Inc/stm32l4xx_ll_spi.h:862:22:LL_SPI_EnableNSSPulseMgt	16	static
../Drivers/STM32L4xx_HAL_Driver/Inc/stm32l4xx_ll_usart.h:693:22:LL_USART_Enable	16	static
../Drivers/STM32L4xx_HAL_Driver/Inc/stm32l4xx_ll_usart.h:2810:22:LL_USART_ConfigAsyncMode	16	static
../Core/Src/main.c:90:6:SystemClock_Config	8	static
../Core/Src/main.c:147:6:PeriphCommonClock_Config	8	static
../Core/Src/main.c:165:13:MX_IWDG_Init	8	static
../Core/Src/main.c:194:13:MX_LPTIM1_Init	8	static
../Core/Src/main.c:230:13:MX_RNG_Init	8	static
../Core/Src/main.c:256:13:MX_SPI1_Init	72	static
../Core/Src/main.c:312:13:MX_USART2_UART_Init	64	static
../Core/Src/main.c:373:6:StartDefaultTask	16	static
../Core/Src/main.c:392:6:HAL_TIM_PeriodElapsedCallback	16	static
../Core/Src/main.c:409:6:Error_Handler	4	static,ignoring_inline_asm
