E:/LoRaSensor/LR1121DVK1TBKS/LR1121DVK1TBKS/lr11xx/common/apps_common.h:204:23:apps_common_compute_lora_ldro	16	static
../../libs/smtc-shields/lr11xx/inc/smtc_shield_lr11xx.h:136:54:smtc_shield_lr11xx_get_pa_pwr_cfg	24	static
../../libs/smtc-shields/lr11xx/inc/smtc_shield_lr11xx.h:150:60:smtc_shield_lr11xx_get_rssi_calibration_table	16	static
../../libs/smtc-shields/lr11xx/inc/smtc_shield_lr11xx.h:163:51:smtc_shield_lr11xx_get_rf_switch_cfg	16	static
../../libs/smtc-shields/lr11xx/inc/smtc_shield_lr11xx.h:176:40:smtc_shield_lr11xx_get_reg_mode	16	static
../../libs/smtc-shields/lr11xx/inc/smtc_shield_lr11xx.h:188:52:smtc_shield_lr11xx_get_xosc_cfg	16	static
../../libs/smtc-shields/lr11xx/inc/smtc_shield_lr11xx.h:200:53:smtc_shield_lr11xx_get_lfclk_cfg	16	static
../../libs/smtc-shields/lr11xx/inc/smtc_shield_lr11xx.h:213:50:smtc_shield_lr11xx_get_pinout	16	static
../../libs/smtc-shields/lr11xx/inc/smtc_shield_lr11xx.h:230:20:smtc_shield_lr11xx_get_rttof_recommended_rx_tx_delay_indicator	24	static
../../libs/smtc_dbpsk_driver/src/smtc_dbpsk.h:75:19:smtc_dbpsk_get_pld_len_in_bits	16	static
../../libs/smtc_dbpsk_driver/src/smtc_dbpsk.h:88:19:smtc_dbpsk_get_pld_len_in_bytes	16	static
E:/LoRaSensor/LR1121DVK1TBKS/LR1121DVK1TBKS/lr11xx/common/apps_common.c:271:23:apps_common_lr11xx_get_context	8	static
E:/LoRaSensor/LR1121DVK1TBKS/LR1121DVK1TBKS/lr11xx/common/apps_common.c:306:6:apps_common_shield_init	8	static
E:/LoRaSensor/LR1121DVK1TBKS/LR1121DVK1TBKS/lr11xx/common/apps_common.c:347:6:apps_common_lr11xx_system_init	56	static
E:/LoRaSensor/LR1121DVK1TBKS/LR1121DVK1TBKS/lr11xx/common/apps_common.c:376:6:apps_common_lr11xx_fetch_and_print_version	24	static
E:/LoRaSensor/LR1121DVK1TBKS/LR1121DVK1TBKS/lr11xx/common/apps_common.c:384:6:apps_common_lr11xx_fetch_version	32	static
E:/LoRaSensor/LR1121DVK1TBKS/LR1121DVK1TBKS/lr11xx/common/apps_common.c:389:6:apps_common_lr11xx_print_version	16	static
E:/LoRaSensor/LR1121DVK1TBKS/LR1121DVK1TBKS/lr11xx/common/apps_common.c:415:6:apps_common_print_sdk_driver_version	8	static
E:/LoRaSensor/LR1121DVK1TBKS/LR1121DVK1TBKS/lr11xx/common/apps_common.c:422:6:apps_common_lr11xx_radio_init	48	static
E:/LoRaSensor/LR1121DVK1TBKS/LR1121DVK1TBKS/lr11xx/common/apps_common.c:489:6:apps_common_lr11xx_radio_dbpsk_init	40	static
E:/LoRaSensor/LR1121DVK1TBKS/LR1121DVK1TBKS/lr11xx/common/apps_common.c:537:6:apps_common_lr11xx_radio_rttof_init	48	static
E:/LoRaSensor/LR1121DVK1TBKS/LR1121DVK1TBKS/lr11xx/common/apps_common.c:578:6:apps_common_lr11xx_receive	48	static
E:/LoRaSensor/LR1121DVK1TBKS/LR1121DVK1TBKS/lr11xx/common/apps_common.c:613:6:apps_common_lr11xx_irq_process	24	static
E:/LoRaSensor/LR1121DVK1TBKS/LR1121DVK1TBKS/lr11xx/common/apps_common.c:744:6:apps_common_lr11xx_handle_pre_tx	8	static
E:/LoRaSensor/LR1121DVK1TBKS/LR1121DVK1TBKS/lr11xx/common/apps_common.c:752:6:apps_common_lr11xx_handle_post_tx	8	static
E:/LoRaSensor/LR1121DVK1TBKS/LR1121DVK1TBKS/lr11xx/common/apps_common.c:760:6:apps_common_lr11xx_handle_pre_rx	8	static
E:/LoRaSensor/LR1121DVK1TBKS/LR1121DVK1TBKS/lr11xx/common/apps_common.c:768:6:apps_common_lr11xx_handle_post_rx	8	static
E:/LoRaSensor/LR1121DVK1TBKS/LR1121DVK1TBKS/lr11xx/common/apps_common.c:776:6:apps_common_lr11xx_handle_pre_gnss_scan	8	static
E:/LoRaSensor/LR1121DVK1TBKS/LR1121DVK1TBKS/lr11xx/common/apps_common.c:789:6:apps_common_lr11xx_handle_post_gnss_scan	8	static
E:/LoRaSensor/LR1121DVK1TBKS/LR1121DVK1TBKS/lr11xx/common/apps_common.c:802:6:apps_common_lr11xx_handle_pre_wifi_scan	8	static
E:/LoRaSensor/LR1121DVK1TBKS/LR1121DVK1TBKS/lr11xx/common/apps_common.c:810:6:apps_common_lr11xx_handle_post_wifi_scan	8	static
E:/LoRaSensor/LR1121DVK1TBKS/LR1121DVK1TBKS/lr11xx/common/apps_common.c:818:10:get_time_on_air_in_ms	8	static
E:/LoRaSensor/LR1121DVK1TBKS/LR1121DVK1TBKS/lr11xx/common/apps_common.c:842:6:print_common_configuration	8	static
E:/LoRaSensor/LR1121DVK1TBKS/LR1121DVK1TBKS/lr11xx/common/apps_common.c:853:6:print_lora_configuration	8	static
E:/LoRaSensor/LR1121DVK1TBKS/LR1121DVK1TBKS/lr11xx/common/apps_common.c:873:6:print_gfsk_configuration	8	static
E:/LoRaSensor/LR1121DVK1TBKS/LR1121DVK1TBKS/lr11xx/common/apps_common.c:913:6:print_driver_version	8	static
E:/LoRaSensor/LR1121DVK1TBKS/LR1121DVK1TBKS/lr11xx/common/apps_common.c:918:6:radio_on_dio_irq	16	static
E:/LoRaSensor/LR1121DVK1TBKS/LR1121DVK1TBKS/lr11xx/common/apps_common.c:922:6:on_tx_done	8	static
E:/LoRaSensor/LR1121DVK1TBKS/LR1121DVK1TBKS/lr11xx/common/apps_common.c:926:6:on_rx_done	8	static
E:/LoRaSensor/LR1121DVK1TBKS/LR1121DVK1TBKS/lr11xx/common/apps_common.c:930:6:on_rx_timeout	8	static
E:/LoRaSensor/LR1121DVK1TBKS/LR1121DVK1TBKS/lr11xx/common/apps_common.c:934:6:on_preamble_detected	8	static
E:/LoRaSensor/LR1121DVK1TBKS/LR1121DVK1TBKS/lr11xx/common/apps_common.c:938:6:on_syncword_header_valid	8	static
E:/LoRaSensor/LR1121DVK1TBKS/LR1121DVK1TBKS/lr11xx/common/apps_common.c:942:6:on_header_error	8	static
E:/LoRaSensor/LR1121DVK1TBKS/LR1121DVK1TBKS/lr11xx/common/apps_common.c:946:6:on_fsk_len_error	8	static
E:/LoRaSensor/LR1121DVK1TBKS/LR1121DVK1TBKS/lr11xx/common/apps_common.c:950:6:on_rx_crc_error	8	static
E:/LoRaSensor/LR1121DVK1TBKS/LR1121DVK1TBKS/lr11xx/common/apps_common.c:954:6:on_cad_done_undetected	8	static
E:/LoRaSensor/LR1121DVK1TBKS/LR1121DVK1TBKS/lr11xx/common/apps_common.c:958:6:on_cad_done_detected	8	static
E:/LoRaSensor/LR1121DVK1TBKS/LR1121DVK1TBKS/lr11xx/common/apps_common.c:962:6:on_lora_rx_timestamp	8	static
E:/LoRaSensor/LR1121DVK1TBKS/LR1121DVK1TBKS/lr11xx/common/apps_common.c:966:6:on_wifi_scan_done	8	static
E:/LoRaSensor/LR1121DVK1TBKS/LR1121DVK1TBKS/lr11xx/common/apps_common.c:970:6:on_gnss_scan_done	8	static
